<?xml version="1.0" encoding="utf-8"?><testsuites><testsuite name="pytest" errors="0" failures="0" skipped="0" tests="5" time="0.612" timestamp="2021-12-12T19:21:59.637216" hostname="progmetal"><testcase classname="mlgw_bns.dataset_generation" name="mlgw_bns.dataset_generation.Dataset.__init__" time="0.003" /><testcase classname="mlgw_bns.dataset_generation" name="mlgw_bns.dataset_generation.TEOBResumSGenerator.effective_one_body_waveform" time="0.001" /><testcase classname="tests.test_model" name="test_model_creation_fails" time="0.001" /><testcase classname="tests.test_model" name="test_validating_model_creation" time="0.000" /><testcase classname="tests.test_model" name="test_teobresums_model_creation" time="0.001" /></testsuite></testsuites>